current directory: /home/microvee/Downloads/gitio/.bundle/ruby/3.4.0/gems/eventmachine-1.2.7/ext/fastfilereader
/nix/store/nin40kn7prvsn7pmbl7k576hhwcpp9x1-ruby-3.4.9/bin/ruby extconf.rb
creating Makefile

current directory: /home/microvee/Downloads/gitio/.bundle/ruby/3.4.0/gems/eventmachine-1.2.7/ext/fastfilereader
make DESTDIR\= sitearchdir\=./.gem.20260823-33600-vwf2qf sitelibdir\=./.gem.20260823-33600-vwf2qf clean

current directory: /home/microvee/Downloads/gitio/.bundle/ruby/3.4.0/gems/eventmachine-1.2.7/ext/fastfilereader
make DESTDIR\= sitearchdir\=./.gem.20260823-33600-vwf2qf sitelibdir\=./.gem.20260823-33600-vwf2qf
compiling mapper.cpp
compiling rubymain.cpp
In file included from /nix/store/nin40kn7prvsn7pmbl7k576hhwcpp9x1-ruby-3.4.9/include/ruby-3.4.0/ruby/internal/core.h:27,
                 from /nix/store/nin40kn7prvsn7pmbl7k576hhwcpp9x1-ruby-3.4.9/include/ruby-3.4.0/ruby/ruby.h:29,
                 from /nix/store/nin40kn7prvsn7pmbl7k576hhwcpp9x1-ruby-3.4.9/include/ruby-3.4.0/ruby.h:38,
                 from rubymain.cpp:25:
rubymain.cpp: In function ‘VALUE mapper_new(VALUE, VALUE)’:
/nix/store/nin40kn7prvsn7pmbl7k576hhwcpp9x1-ruby-3.4.9/include/ruby-3.4.0/ruby/internal/core/rdata.h:199:24: warning: ‘VALUE rb_data_object_wrap_warning(VALUE, void*, RUBY_DATA_FUNC, RUBY_DATA_FUNC)’ is deprecated: by TypedData [-Wdeprecated-declarations]
  199 |     rb_data_object_wrap(                          \
      |                        ^
rubymain.cpp:53:19: note: in expansion of macro ‘Data_Wrap_Struct’
   53 |         VALUE v = Data_Wrap_Struct (Mapper, 0, mapper_dt, (void*)m);
      |                   ^~~~~~~~~~~~~~~~
/nix/store/nin40kn7prvsn7pmbl7k576hhwcpp9x1-ruby-3.4.9/include/ruby-3.4.0/ruby/internal/core/rdata.h:293:1: note: declared here
  293 | rb_data_object_wrap_warning(VALUE klass, void *ptr, RUBY_DATA_FUNC mark, RUBY_DATA_FUNC free)
      | ^~~~~~~~~~~~~~~~~~~~~~~~~~~
In file included from /nix/store/nin40kn7prvsn7pmbl7k576hhwcpp9x1-ruby-3.4.9/include/ruby-3.4.0/ruby/internal/assume.h:29,
                 from /nix/store/nin40kn7prvsn7pmbl7k576hhwcpp9x1-ruby-3.4.9/include/ruby-3.4.0/ruby/backward/2/assume.h:24,
                 from /nix/store/nin40kn7prvsn7pmbl7k576hhwcpp9x1-ruby-3.4.9/include/ruby-3.4.0/ruby/defines.h:72,
                 from /nix/store/nin40kn7prvsn7pmbl7k576hhwcpp9x1-ruby-3.4.9/include/ruby-3.4.0/ruby/ruby.h:25:
rubymain.cpp: In function ‘VALUE mapper_get_chunk(VALUE, VALUE, VALUE)’:
/nix/store/nin40kn7prvsn7pmbl7k576hhwcpp9x1-ruby-3.4.9/include/ruby-3.4.0/ruby/internal/core/rdata.h:275:52: warning: ‘void* rb_data_object_get_warning(VALUE)’ is deprecated: by TypedData [-Wdeprecated-declarations]
  275 |     ((sval) = RBIMPL_CAST((type*)rb_data_object_get(obj)))
      |                                                    ^
/nix/store/nin40kn7prvsn7pmbl7k576hhwcpp9x1-ruby-3.4.9/include/ruby-3.4.0/ruby/internal/cast.h:36:29: note: in definition of macro ‘RBIMPL_CAST’
   36 | # define RBIMPL_CAST(expr) (expr)
      |                             ^~~~
rubymain.cpp:65:9: note: in expansion of macro ‘Data_Get_Struct’
   65 |         Data_Get_Struct (self, Mapper_t, m);
      |         ^~~~~~~~~~~~~~~
/nix/store/nin40kn7prvsn7pmbl7k576hhwcpp9x1-ruby-3.4.9/include/ruby-3.4.0/ruby/internal/core/rdata.h:325:1: note: declared here
  325 | rb_data_object_get_warning(VALUE obj)
      | ^~~~~~~~~~~~~~~~~~~~~~~~~~
rubymain.cpp: In function ‘VALUE mapper_close(VALUE)’:
/nix/store/nin40kn7prvsn7pmbl7k576hhwcpp9x1-ruby-3.4.9/include/ruby-3.4.0/ruby/internal/core/rdata.h:275:52: warning: ‘void* rb_data_object_get_warning(VALUE)’ is deprecated: by TypedData [-Wdeprecated-declarations]
  275 |     ((sval) = RBIMPL_CAST((type*)rb_data_object_get(obj)))
      |                                                    ^
/nix/store/nin40kn7prvsn7pmbl7k576hhwcpp9x1-ruby-3.4.9/include/ruby-3.4.0/ruby/internal/cast.h:36:29: note: in definition of macro ‘RBIMPL_CAST’
   36 | # define RBIMPL_CAST(expr) (expr)
      |                             ^~~~
rubymain.cpp:88:9: note: in expansion of macro ‘Data_Get_Struct’
   88 |         Data_Get_Struct (self, Mapper_t, m);
      |         ^~~~~~~~~~~~~~~
/nix/store/nin40kn7prvsn7pmbl7k576hhwcpp9x1-ruby-3.4.9/include/ruby-3.4.0/ruby/internal/core/rdata.h:325:1: note: declared here
  325 | rb_data_object_get_warning(VALUE obj)
      | ^~~~~~~~~~~~~~~~~~~~~~~~~~
rubymain.cpp: In function ‘VALUE mapper_size(VALUE)’:
/nix/store/nin40kn7prvsn7pmbl7k576hhwcpp9x1-ruby-3.4.9/include/ruby-3.4.0/ruby/internal/core/rdata.h:275:52: warning: ‘void* rb_data_object_get_warning(VALUE)’ is deprecated: by TypedData [-Wdeprecated-declarations]
  275 |     ((sval) = RBIMPL_CAST((type*)rb_data_object_get(obj)))
      |                                                    ^
/nix/store/nin40kn7prvsn7pmbl7k576hhwcpp9x1-ruby-3.4.9/include/ruby-3.4.0/ruby/internal/cast.h:36:29: note: in definition of macro ‘RBIMPL_CAST’
   36 | # define RBIMPL_CAST(expr) (expr)
      |                             ^~~~
rubymain.cpp:102:9: note: in expansion of macro ‘Data_Get_Struct’
  102 |         Data_Get_Struct (self, Mapper_t, m);
      |         ^~~~~~~~~~~~~~~
/nix/store/nin40kn7prvsn7pmbl7k576hhwcpp9x1-ruby-3.4.9/include/ruby-3.4.0/ruby/internal/core/rdata.h:325:1: note: declared here
  325 | rb_data_object_get_warning(VALUE obj)
      | ^~~~~~~~~~~~~~~~~~~~~~~~~~
linking shared-object fastfilereaderext.so

current directory: /home/microvee/Downloads/gitio/.bundle/ruby/3.4.0/gems/eventmachine-1.2.7/ext/fastfilereader
make DESTDIR\= sitearchdir\=./.gem.20260823-33600-vwf2qf sitelibdir\=./.gem.20260823-33600-vwf2qf install
install -c -p -m 755 fastfilereaderext.so ./.gem.20260823-33600-vwf2qf

current directory: /home/microvee/Downloads/gitio/.bundle/ruby/3.4.0/gems/eventmachine-1.2.7/ext/fastfilereader
make DESTDIR\= sitearchdir\=./.gem.20260823-33600-vwf2qf sitelibdir\=./.gem.20260823-33600-vwf2qf clean
