append_cflags: checking for whether -std=c99 is accepted as CFLAGS... -------------------- yes

LD_LIBRARY_PATH=.:/nix/store/nin40kn7prvsn7pmbl7k576hhwcpp9x1-ruby-3.4.9/lib ASAN_OPTIONS=detect_leaks=0 "gcc -o conftest -I/nix/store/nin40kn7prvsn7pmbl7k576hhwcpp9x1-ruby-3.4.9/include/ruby-3.4.0/x86_64-linux -I/nix/store/nin40kn7prvsn7pmbl7k576hhwcpp9x1-ruby-3.4.9/include/ruby-3.4.0/ruby/backward -I/nix/store/nin40kn7prvsn7pmbl7k576hhwcpp9x1-ruby-3.4.9/include/ruby-3.4.0 -I.    -O3 -fPIC conftest.c -L. -L/nix/store/nin40kn7prvsn7pmbl7k576hhwcpp9x1-ruby-3.4.9/lib -Wl,-rpath,/nix/store/nin40kn7prvsn7pmbl7k576hhwcpp9x1-ruby-3.4.9/lib -L. -fstack-protector-strong -rdynamic -Wl,-export-dynamic -Wl,--no-as-needed     -Wl,-rpath,/nix/store/nin40kn7prvsn7pmbl7k576hhwcpp9x1-ruby-3.4.9/lib -L/nix/store/nin40kn7prvsn7pmbl7k576hhwcpp9x1-ruby-3.4.9/lib -lruby-3.4.9  -lm -lpthread  -lc"
checked program was:
/* begin */
1: #include "ruby.h"
2: 
3: int main(int argc, char **argv)
4: {
5:   return !!argv[argc];
6: }
/* end */

LD_LIBRARY_PATH=.:/nix/store/nin40kn7prvsn7pmbl7k576hhwcpp9x1-ruby-3.4.9/lib ASAN_OPTIONS=detect_leaks=0 "gcc -I/nix/store/nin40kn7prvsn7pmbl7k576hhwcpp9x1-ruby-3.4.9/include/ruby-3.4.0/x86_64-linux -I/nix/store/nin40kn7prvsn7pmbl7k576hhwcpp9x1-ruby-3.4.9/include/ruby-3.4.0/ruby/backward -I/nix/store/nin40kn7prvsn7pmbl7k576hhwcpp9x1-ruby-3.4.9/include/ruby-3.4.0 -I.    -O3 -fPIC  -std=c99 -Werror -c conftest.c"
checked program was:
/* begin */
1: #include "ruby.h"
2: 
3: int main(int argc, char **argv)
4: {
5:   return !!argv[argc];
6: }
/* end */

--------------------

